[0]
cls = JSPGScene
name = CurrentScene
desc = Description line.

[1]
cls = JSPGAction
name = Action 1
scene = CurrentScene
type = dialog_left
portrait = pic.jpg
tag = MyTag1
goto = "NextScene"
exec = Foo.Bar()

[2]
cls = JSPGAction
name = Action 2
scene = CurrentScene
type = scene_right
tag = MyTag2
goto = "NextScene"
desc = Description of action.

[3]
cls = JSPGAction
name = Action 3
scene = CurrentScene
tag = MyTag3
goto = "NextScene"
condition =
    \tBar.Foo()

[4]
cls = JSPGAction
name = Action 4
scene = CurrentScene
type = scene_left
desc =
    It's over!

    It's literally over!
